Traceback (most recent call last):
  File "C:\Users\demoore\AppData\Local\Programs\Python\Python313\Lib\site-packages\jupyter_core\utils\__init__.py", line 154, in wrapped
    asyncio.get_running_loop()
    ~~~~~~~~~~~~~~~~~~~~~~~~^^
RuntimeError: no running event loop

During handling of the above exception, another exception occurred:

Traceback (most recent call last):
  File "C:\Users\demoore\AppData\Local\Programs\Python\Python313\Lib\site-packages\jupyter_cache\executors\utils.py", line 58, in single_nb_execution
    executenb(
    ~~~~~~~~~^
        nb,
        ^^^
    ...<4 lines>...
        **kwargs,
        ^^^^^^^^^
    )
    ^
  File "C:\Users\demoore\AppData\Local\Programs\Python\Python313\Lib\site-packages\nbclient\client.py", line 1319, in execute
    return NotebookClient(nb=nb, resources=resources, km=km, **kwargs).execute()
           ~~~~~~~~~~~~~~~~~~~~~~~~~~~~~~~~~~~~~~~~~~~~~~~~~~~~~~~~~~~~~~~~~~~^^
  File "C:\Users\demoore\AppData\Local\Programs\Python\Python313\Lib\site-packages\jupyter_core\utils\__init__.py", line 158, in wrapped
    return loop.run_until_complete(inner)
           ~~~~~~~~~~~~~~~~~~~~~~~^^^^^^^
  File "C:\Users\demoore\AppData\Local\Programs\Python\Python313\Lib\asyncio\base_events.py", line 725, in run_until_complete
    return future.result()
           ~~~~~~~~~~~~~^^
  File "C:\Users\demoore\AppData\Local\Programs\Python\Python313\Lib\site-packages\nbclient\client.py", line 709, in async_execute
    await self.async_execute_cell(
        cell, index, execution_count=self.code_cells_executed + 1
    )
  File "C:\Users\demoore\AppData\Local\Programs\Python\Python313\Lib\site-packages\nbclient\client.py", line 1062, in async_execute_cell
    await self._check_raise_for_error(cell, cell_index, exec_reply)
  File "C:\Users\demoore\AppData\Local\Programs\Python\Python313\Lib\site-packages\nbclient\client.py", line 918, in _check_raise_for_error
    raise CellExecutionError.from_cell_and_msg(cell, exec_reply_content)
nbclient.exceptions.CellExecutionError: An error occurred while executing the following cell:
------------------
# provides easy correlation plotting
library(corrplot)
df<- read.csv("data/compas_scores_positive.csv", stringsAsFactors = FALSE)
# 2. Select only the columns with numbers
num_df <- df[sapply(df, is.numeric)]  

# 3. Compute the correlation matrix
#    Each value ranges from -1 to +1:
#      +1 means two variables rise and fall together perfectly,
#      -1 means they move in opposite directions perfectly,
#       0 means no linear relationship.
corr_mat <- cor(num_df, use = "pairwise.complete.obs")

# 4. Draw the heatmap
#    - method = "color" fills cells with a color scale,
#    - tl.cex = 0.6 shrinks the variable names so they fit.
corrplot(corr_mat, method = "color", tl.cex = 0.6)
------------------

----- stderr -----
Warning message:
"package 'corrplot' was built under R version 4.4.3"
----- stderr -----
corrplot 0.95 loaded
----- stderr -----
Warning message in file(file, "rt"):
"cannot open file 'data/compas_scores_positive.csv': No such file or directory"
------------------

Error in file(file, "rt"): cannot open the connection
Traceback:

1. read.table(file = file, header = header, sep = sep, quote = quote, 
 .     dec = dec, fill = fill, comment.char = comment.char, ...)
2. file(file, "rt")
3. .handleSimpleError(function (cnd) 
 . {
 .     watcher$capture_plot_and_output()
 .     cnd <- sanitize_call(cnd)
 .     watcher$push(cnd)
 .     switch(on_error, continue = invokeRestart("eval_continue"), 
 .         stop = invokeRestart("eval_stop"), error = NULL)
 . }, "cannot open the connection", base::quote(file(file, "rt")))

